---
source: src/common/mod.rs
expression: map
---
"1": 0
chr1: 0
"2": 1
chr2: 1
"3": 2
chr3: 2
"4": 3
chr4: 3
"5": 4
chr5: 4
"6": 5
chr6: 5
"7": 6
chr7: 6
"8": 7
chr8: 7
"9": 8
chr9: 8
"10": 9
chr10: 9
"11": 10
chr11: 10
"12": 11
chr12: 11
"13": 12
chr13: 12
"14": 13
chr14: 13
"15": 14
chr15: 14
"16": 15
chr16: 15
"17": 16
chr17: 16
"18": 17
chr18: 17
"19": 18
chr19: 18
"20": 19
chr20: 19
"21": 20
chr21: 20
"22": 21
chr22: 21
X: 22
chrX: 22
Y: 23
chrY: 23
M: 24
chrM: 24
x: 22
y: 23
chrx: 22
chry: 23
mt: 24
m: 24
chrmt: 24
chrm: 24
MT: 24
chrMT: 24

